Microchip MPLAB XC8 Compiler V1.43 ()

Linker command line:

-W-3 --edf=/opt/microchip/xc8/v1.43/dat/en_msgs.txt -cs \
  -h+dist/default/production/rommelbachen.X.production.sym \
  --cmf=dist/default/production/rommelbachen.X.production.cmf -z -Q12F508 \
  -o/tmp/xcXzNAcVe -Mdist/default/production/rommelbachen.X.production.map \
  -E1 -ver=XC8 -ASTACK=0Ah-01bh -pstack=STACK -ACODE=00h-01FEh \
  -ASTRCODE=00h-01FEh -ASTRING=00h-0FFh -AENTRY=00h-0FFh-01FEh \
  -ABANK0=07h-01Dh -ARAM=07h-01Dh -AABS1=07h-01Fh -ACOMMON=01Ch-01Fh \
  -ASFR0=00h-06h \
  -preset_vec=01ffh,reset_wrap=0h,init,end_init,cinit,clrtext \
  -ppowerup=CODE -pfunctab=ENTRY -ACONFIG=0FFFh-0FFFh -pconfig=CONFIG \
  -DCONFIG=2 -AIDLOC=0200h-0203h -pidloc=IDLOC -DIDLOC=2 -pstrings=-STRING \
  -DCODE=2 -DSTRCODE=2 -DSTRING=2 -DCONST=2 -DENTRY=2 -k /tmp/xcXVKCq0i.obj \
  dist/default/production/rommelbachen.X.production.obj 

Object code version is 3.11

Machine type is 12F508



                Name                               Link     Load   Length Selector   Space Scale
/tmp/xcXVKCq0i.obj
                end_init                              0        0        1        0       0
                reset_vec                           1FF      1FF        1      3FE       0
                config                              FFF      FFF        1     1FFE       0
dist/default/production/rommelbachen.X.production.obj
                cinit                                 1        1        2        0       0
                maintext                            1DE      1DE       21      3BC       0
                cstackBANK0                           7        7        3        7       1

TOTAL           Name                               Link     Load   Length     Space
        CLASS   STACK          

        CLASS   CODE           
                reset_vec                           1FF      1FF        1         0
                maintext                            1DE      1DE       21         0

        CLASS   STRCODE        

        CLASS   STRING         

        CLASS   ENTRY          
                end_init                              0        0        1         0
                cinit                                 1        1        2         0

        CLASS   BANK0          
                cstackBANK0                           7        7        3         1

        CLASS   RAM            

        CLASS   ABS1           
                abs_s1                               1C       1C        4         1

        CLASS   COMMON         

        CLASS   SFR0           

        CLASS   CONFIG         
                config                              FFF      FFF        1         0

        CLASS   IDLOC          

        CLASS   CONST          



SEGMENTS        Name                           Load    Length   Top    Selector   Space  Class     Delta

                reset_wrap                     000000  000003  000003         0       0  ENTRY       2
                cstackBANK0                    000007  000003  00000A         7       1  BANK0       1
                maintext                       0001DE  000021  0001FF       3BC       0  CODE        2
                reset_vec                      0001FF  000001  000200       3FE       0  CODE        2
                config                         000FFF  000001  001000      1FFE       0  CONFIG      2


UNUSED ADDRESS RANGES

        Name                Unused          Largest block    Delta
        BANK0            000A-001B             12           1
        CODE             0003-01DD            1DB           2
        ENTRY            0003-00FF+00DE         FD           2
        IDLOC            0200-0203              4           2
        RAM              000A-001B             12           1
        SFR0             0000-0006              7           1
        STACK            000A-001B             12           1
        STRCODE          0003-01DD            1DB           2
        STRING           0003-00FF             FD           2

                                  Symbol Table

_GPIObits                (abs)       0006
_OPTION                  (abs)       0000
_TRISGPIO                (abs)       0006
__CFG_CP$OFF             (abs)       0000
__CFG_MCLRE$ON           (abs)       0000
__CFG_OSC$IntRC          (abs)       0000
__CFG_WDT$OFF            (abs)       0000
__Habs1                  abs1        0000
__Hbank0                 bank0       0000
__Hcinit                 cinit       0003
__Hclrtext               clrtext     0003
__Hcode                  code        0000
__Hcommon                common      0000
__Hconfig                config      1000
__HcstackBANK0           cstackBANK0 0000
__Hend_init              end_init    0001
__Hfunctab               functab     0000
__Hidloc                 idloc       0000
__Hinit                  init        0000
__Hjmp_tab               jmp_tab     0000
__Hmaintext              maintext    0000
__Hpowerup               powerup     0000
__Hram                   ram         0000
__Hreset_vec             reset_vec   0200
__Hreset_wrap            reset_wrap  0000
__Hsfr0                  sfr0        0000
__Hspace_0               (abs)       1000
__Hspace_1               (abs)       000A
__Hspace_2               (abs)       0000
__Hstack                 stack       0000
__Hstrings               strings     0000
__Htext                  text        0000
__Labs1                  abs1        0000
__Lbank0                 bank0       0000
__Lcinit                 cinit       0001
__Lclrtext               clrtext     0003
__Lcode                  code        0000
__Lcommon                common      0000
__Lconfig                config      0FFF
__LcstackBANK0           cstackBANK0 0000
__Lend_init              end_init    0000
__Lfunctab               functab     0000
__Lidloc                 idloc       0000
__Linit                  init        0000
__Ljmp_tab               jmp_tab     0000
__Lmaintext              maintext    0000
__Lpowerup               powerup     0000
__Lram                   ram         0000
__Lreset_vec             reset_vec   01FF
__Lreset_wrap            reset_wrap  0000
__Lsfr0                  sfr0        0000
__Lspace_0               (abs)       0000
__Lspace_1               (abs)       0000
__Lspace_2               (abs)       0000
__Lstack                 stack       0000
__Lstrings               strings     0000
__Ltext                  text        0000
__S0                     (abs)       1000
__S1                     (abs)       000A
__S2                     (abs)       0000
___int_sp                stack       0000
___latbits               (abs)       0000
___sp                    stack       0000
__end_of__initialization cinit       0001
__end_of_main            maintext    01FF
__initialization         cinit       0001
__pcstackBANK0           cstackBANK0 0007
__pmaintext              maintext    01DE
__size_of_main           (abs)       0000
_main                    maintext    01DE
btemp                    (abs)       001C
end_of_initialization    cinit       0001
ltemp0                   (abs)       001C
reset_vec                reset_vec   01FF
stackhi                  (abs)       0000
stacklo                  (abs)       0000
start                    init        0000
start_initialization     cinit       0001
ttemp0                   (abs)       001C
wtemp0                   (abs)       001C
wtemp1                   (abs)       001E


FUNCTION INFORMATION:

 *************** function _main *****************
 Defined at:
		line 26 in file "main.c"
 Parameters:    Size  Location     Type
		None
 Auto vars:     Size  Location     Type
		None
 Return value:  Size  Location     Type
                  1   12[None  ] void 
 Registers used:
		wreg, fsr0l, fsr0h
 Tracked objects:
		On entry : 
		On exit  : 
		Unchanged: 
 Data sizes:     COMMON   BANK0
      Params:         0       0
      Locals:         0       0
      Temps:          0       3
      Totals:         0       3
Total ram usage:        3 bytes
 This function calls:
		Nothing
 This function is called by:
		Startup code after reset
 This function uses a non-reentrant model



MODULE INFORMATION

Module		Function		Class		Link	Load	Size
shared
		__initialization		ENTRY          	0001	0000	1

shared estimated size: 1

main.c
		_main          		CODE           	01DE	0000	34

main.c estimated size: 34

